core_cm4.h:1679:22:__NVIC_EnableIRQ	16	static
core_cm4.h:1807:22:__NVIC_SetPriority	16	static
core_cm4.h:2014:26:SysTick_Config	16	static
fsl_common.h:460:28:EnableIRQ	16	static
fsl_gpio.h:155:20:GPIO_PinWrite	32	static
fsl_gpio.h:175:20:GPIO_PortSet	16	static
fsl_gpio.h:186:20:GPIO_PortClear	16	static
fsl_gpio.h:197:20:GPIO_PortToggle	16	static
fsl_gpio.h:216:24:GPIO_PinRead	16	static
fsl_port.h:415:20:PORT_SetPinInterruptConfig	24	static
fsl_pit.h:105:20:PIT_GetDefaultConfig	16	static
fsl_pit.h:159:20:PIT_EnableInterrupts	24	static
fsl_pit.h:220:20:PIT_ClearStatusFlags	24	static
fsl_pit.h:246:20:PIT_SetTimerPeriod	24	static
fsl_pit.h:286:20:PIT_StartTimer	16	static
fsl_pit.h:300:20:PIT_StopTimer	16	static
fsl_sysmpu.h:268:20:SYSMPU_Enable	16	static
mouse.c:170:6:USB0_IRQHandler	8	static
mouse.c:177:6:USB_DeviceClockInit	8	static
mouse.c:182:6:USB_DeviceIsrEnable	16	static
mouse.c:202:21:USB_DeviceHidMouseAction	16	static
mouse.c:239:21:USB_DeviceHidInterruptIn	24	static
mouse.c:256:14:USB_DeviceCallback	56	static
mouse.c:390:14:USB_DeviceGetSetupBuffer	16	static
mouse.c:403:14:USB_DeviceConfigureRemoteWakeup	16	static
mouse.c:409:14:USB_DeviceConfigureEndpointStatus	16	static
mouse.c:437:14:USB_DeviceGetClassReceiveBuffer	24	static
mouse.c:451:14:USB_DeviceProcessClassRequest	32	static
mouse.c:484:13:USB_DeviceApplicationInit	8	static
mouse.c:629:13:i2c_release_bus_delay	16	static
mouse.c:638:6:BOARD_I2C_ReleaseBus	16	static
mouse.c:675:13:HW_Timer_init	8	static
mouse.c:681:6:SysTick_Handler	4	static
mouse.c:686:13:Delay	16	static
mouse.c:694:13:Sensor_ReadData	40	static
mouse.c:714:12:Magnetometer_Calibrate	32	static
mouse.c:771:6:PORTA_IRQHandler	8	static
mouse.c:804:6:PORTC_IRQHandler	8	static
mouse.c:833:6:PIT0_IRQHandler	8	static
mouse.c:849:6:PIT1_IRQHandler	8	static
mouse.c:863:6:Timer_Init	40	static
mouse.c:888:6:Timer_Start	8	static
mouse.c:893:6:Timer_Stop	8	static
mouse.c:898:5:main	192	static
